C51 COMPILER V9.55   PAMDENG                                                               10/31/2016 00:17:42 PAGE 1   


C51 COMPILER V9.55, COMPILATION OF MODULE PAMDENG
OBJECT MODULE PLACED IN pamdeng.OBJ
COMPILER INVOKED BY: H:\code\Microcomputer\software\keil5-MDK\C51\BIN\C51.EXE pamdeng.c OPTIMIZE(8,SPEED) BROWSE DEBUG O
                    -BJECTEXTEND TABS(2)

line level    source

   1          #include<reg51.h>
   2          #define uint unsigned int
   3          void delay(uint x)
   4          {
   5   1        while(x--);
   6   1      }
   7          void main(void)
   8          {
   9   1        uint aa;
  10   1        aa = 0x01;         //8位只有一位为高，其他为低
  11   1        while(1)
  12   1        {
  13   2          delay(10000);    //调用延时函数
  14   2          P0 = ~aa;        //P0为aa取反值，8位只有一位为高，其他为低   从原理图看出 IO口输出低电平led亮
  15   2          aa = aa << 1;    //第一次循环，led1亮，其他都不亮
  16   2          if(aa == 0x00)     //全部移出
  17   2          aa = 0x01;
  18   2        }
  19   1      }


MODULE INFORMATION:   STATIC OVERLAYABLE
   CODE SIZE        =     41    ----
   CONSTANT SIZE    =   ----    ----
   XDATA SIZE       =   ----    ----
   PDATA SIZE       =   ----    ----
   DATA SIZE        =   ----    ----
   IDATA SIZE       =   ----    ----
   BIT SIZE         =   ----    ----
END OF MODULE INFORMATION.


C51 COMPILATION COMPLETE.  0 WARNING(S),  0 ERROR(S)
