C51 COMPILER V8.02   PAMDENG                                                               11/02/2010 21:29:15 PAGE 1   


C51 COMPILER V8.02, COMPILATION OF MODULE PAMDENG
OBJECT MODULE PLACED IN pamdeng.OBJ
COMPILER INVOKED BY: C:\Keil\C51\BIN\C51.EXE pamdeng.c BROWSE DEBUG OBJECTEXTEND

line level    source

   1          #include<reg51.h>
   2          #define uint unsigned int
   3          void delay(uint x)
   4          {
   5   1              while(x--);
   6   1      }
   7          void main(void)
   8          {
   9   1              P0 = 0x01;                         //led0先亮，其他都不亮
  10   1      
  11   1              while(1)
  12   1              {
  13   2                      delay(10000);      //调用延时函数
  14   2                      P0 = P0 << 1;      //第一次循环，led1亮，其他都不亮
  15   2                      if(P0 == 0x00)     //全部移出
  16   2                      P0 = 0x01;
  17   2              }
  18   1      }


MODULE INFORMATION:   STATIC OVERLAYABLE
   CODE SIZE        =     36    ----
   CONSTANT SIZE    =   ----    ----
   XDATA SIZE       =   ----    ----
   PDATA SIZE       =   ----    ----
   DATA SIZE        =   ----    ----
   IDATA SIZE       =   ----    ----
   BIT SIZE         =   ----    ----
END OF MODULE INFORMATION.


C51 COMPILATION COMPLETE.  0 WARNING(S),  0 ERROR(S)
