C51 COMPILER V8.02   LUNAR                                                                 11/03/2010 22:45:22 PAGE 1   


C51 COMPILER V8.02, COMPILATION OF MODULE LUNAR
OBJECT MODULE PLACED IN lunar.OBJ
COMPILER INVOKED BY: C:\Keil\C51\BIN\C51.EXE lunar.c BROWSE DEBUG OBJECTEXTEND TABS(3)

line level    source

   1          //公曆轉農曆(1901-2100)
   2          
   3          #include<stdio.h>
   4          //#include "ds1302.h"
   5          #include "lunar.h"
   6          #define uchar unsigned char
   7          #define TRUE  1
   8          //公历年对应的农历数据,每年三字节,
   9          //格式第一字节BIT7-4 位表示闰月月份,值为0 为无闰月,BIT3-0 对应农历第1-4 月的大小
  10          //第二字节BIT7-0 对应农历第5-12 月大小,第三字节BIT7 表示农历第13 个月大小
  11          //月份对应的位为1 表示本农历月大(30 天),为0 表示小(29 天).
  12          //第三字节BIT6-5 表示春节的公历月份,BIT4-0 表示春节的公历日期
  13          //每年的數據對應在數組中的位置庫 (200-(2100-year)-1)*3+Offset1  
  14          //0x09,0x2d,0x47, //2008  0x47 01000111
  15          //0x4d,0x4A,0xB8, //2001
  16          
  17          
  18          uchar code Data[]={
  19          
  20          0x04,0xAe,0x53, //1901  0  (200-(2100-1901)-1)*3=0
  21          0x0A,0x57,0x48, //1902  3   (200-(2100-1902)-1)*3=3
  22          0x55,0x26,0xBd, //1903  6  (200-(2100-1903)-1)*3=3
  23          0x0d,0x26,0x50, //1904  9   (200-(2100-year)-1)*3 
  24          0x0d,0x95,0x44, //1905  12 
  25          0x46,0xAA,0xB9, //1906  15
  26          0x05,0x6A,0x4d, //1907
  27          0x09,0xAd,0x42, //1908
  28          0x24,0xAe,0xB6, //1909
  29          0x04,0xAe,0x4A, //1910
  30          0x6A,0x4d,0xBe, //1911
  31          0x0A,0x4d,0x52, //1912
  32          0x0d,0x25,0x46, //1913
  33          0x5d,0x52,0xBA, //1914
  34          0x0B,0x54,0x4e, //1915
  35          0x0d,0x6A,0x43, //1916
  36          0x29,0x6d,0x37, //1917
  37          0x09,0x5B,0x4B, //1918
  38          0x74,0x9B,0xC1, //1919
  39          0x04,0x97,0x54, //1920
  40          0x0A,0x4B,0x48, //1921
  41          0x5B,0x25,0xBC, //1922
  42          0x06,0xA5,0x50, //1923
  43          0x06,0xd4,0x45, //1924
  44          0x4A,0xdA,0xB8, //1925
  45          0x02,0xB6,0x4d, //1926
  46          0x09,0x57,0x42, //1927
  47          0x24,0x97,0xB7, //1928
  48          0x04,0x97,0x4A, //1929
  49          0x66,0x4B,0x3e, //1930
  50          0x0d,0x4A,0x51, //1931
  51          0x0e,0xA5,0x46, //1932
  52          0x56,0xd4,0xBA, //1933
  53          0x05,0xAd,0x4e, //1934
  54          0x02,0xB6,0x44, //1935
  55          0x39,0x37,0x38, //1936
C51 COMPILER V8.02   LUNAR                                                                 11/03/2010 22:45:22 PAGE 2   

  56          0x09,0x2e,0x4B, //1937
  57          0x7C,0x96,0xBf, //1938
  58          0x0C,0x95,0x53, //1939
  59          0x0d,0x4A,0x48, //1940
  60          0x6d,0xA5,0x3B, //1941
  61          0x0B,0x55,0x4f, //1942
  62          0x05,0x6A,0x45, //1943
  63          0x4A,0xAd,0xB9, //1944
  64          0x02,0x5d,0x4d, //1945
  65          0x09,0x2d,0x42, //1946
  66          0x2C,0x95,0xB6, //1947
  67          0x0A,0x95,0x4A, //1948
  68          0x7B,0x4A,0xBd, //1949
  69          0x06,0xCA,0x51, //1950
  70          0x0B,0x55,0x46, //1951
  71          0x55,0x5A,0xBB, //1952
  72          0x04,0xdA,0x4e, //1953
  73          0x0A,0x5B,0x43, //1954
  74          0x35,0x2B,0xB8, //1955
  75          0x05,0x2B,0x4C, //1956
  76          0x8A,0x95,0x3f, //1957
  77          0x0e,0x95,0x52, //1958
  78          0x06,0xAA,0x48, //1959
  79          0x7A,0xd5,0x3C, //1960
  80          0x0A,0xB5,0x4f, //1961
  81          0x04,0xB6,0x45, //1962
  82          0x4A,0x57,0x39, //1963
  83          0x0A,0x57,0x4d, //1964
  84          0x05,0x26,0x42, //1965
  85          0x3e,0x93,0x35, //1966
  86          0x0d,0x95,0x49, //1967
  87          0x75,0xAA,0xBe, //1968
  88          0x05,0x6A,0x51, //1969
  89          0x09,0x6d,0x46, //1970
  90          0x54,0xAe,0xBB, //1971
  91          0x04,0xAd,0x4f, //1972
  92          0x0A,0x4d,0x43, //1973
  93          0x4d,0x26,0xB7, //1974
  94          0x0d,0x25,0x4B, //1975
  95          0x8d,0x52,0xBf, //1976
  96          0x0B,0x54,0x52, //1977
  97          0x0B,0x6A,0x47, //1978
  98          0x69,0x6d,0x3C, //1979
  99          0x09,0x5B,0x50, //1980
 100          0x04,0x9B,0x45, //1981
 101          0x4A,0x4B,0xB9, //1982
 102          0x0A,0x4B,0x4d, //1983
 103          0xAB,0x25,0xC2, //1984
 104          0x06,0xA5,0x54, //1985
 105          0x06,0xd4,0x49, //1986
 106          0x6A,0xdA,0x3d, //1987
 107          0x0A,0xB6,0x51, //1988
 108          0x09,0x37,0x46, //1989
 109          0x54,0x97,0xBB, //1990
 110          0x04,0x97,0x4f, //1991
 111          0x06,0x4B,0x44, //1992
 112          0x36,0xA5,0x37, //1993
 113          0x0e,0xA5,0x4A, //1994
 114          0x86,0xB2,0xBf, //1995
 115          0x05,0xAC,0x53, //1996
 116          0x0A,0xB6,0x47, //1997
 117          0x59,0x36,0xBC, //1998
C51 COMPILER V8.02   LUNAR                                                                 11/03/2010 22:45:22 PAGE 3   

 118          0x09,0x2e,0x50, //1999   
 119          0x0C,0x96,0x45, //2000
 120          0x4d,0x4A,0xB8, //2001
 121          0x0d,0x4A,0x4C, //2002
 122          0x0d,0xA5,0x41, //2003
 123          0x25,0xAA,0xB6, //2004
 124          0x05,0x6A,0x49, //2005
 125          0x7A,0xAd,0xBd, //2006
 126          0x02,0x5d,0x52, //2007
 127          0x09,0x2d,0x47, //2008
 128          0x5C,0x95,0xBA, //2009
 129          0x0A,0x95,0x4e, //2010
 130          0x0B,0x4A,0x43, //2011
 131          0x4B,0x55,0x37, //2012
 132          0x0A,0xd5,0x4A, //2013
 133          0x95,0x5A,0xBf, //2014
 134          0x04,0xBA,0x53, //2015
 135          0x0A,0x5B,0x48, //2016
 136          0x65,0x2B,0xBC, //2017
 137          0x05,0x2B,0x50, //2018
 138          0x0A,0x93,0x45, //2019
 139          0x47,0x4A,0xB9, //2020
 140          0x06,0xAA,0x4C, //2021
 141          0x0A,0xd5,0x41, //2022
 142          0x24,0xdA,0xB6, //2023
 143          0x04,0xB6,0x4A, //2024
 144          0x69,0x57,0x3d, //2025
 145          0x0A,0x4e,0x51, //2026
 146          0x0d,0x26,0x46, //2027
 147          0x5e,0x93,0x3A, //2028
 148          0x0d,0x53,0x4d, //2029
 149          0x05,0xAA,0x43, //2030
 150          0x36,0xB5,0x37, //2031
 151          0x09,0x6d,0x4B, //2032
 152          0xB4,0xAe,0xBf, //2033
 153          0x04,0xAd,0x53, //2034
 154          0x0A,0x4d,0x48, //2035
 155          0x6d,0x25,0xBC, //2036
 156          0x0d,0x25,0x4f, //2037
 157          0x0d,0x52,0x44, //2038
 158          0x5d,0xAA,0x38, //2039
 159          0x0B,0x5A,0x4C, //2040
 160          0x05,0x6d,0x41, //2041
 161          0x24,0xAd,0xB6, //2042
 162          0x04,0x9B,0x4A, //2043
 163          0x7A,0x4B,0xBe, //2044
 164          0x0A,0x4B,0x51, //2045
 165          0x0A,0xA5,0x46, //2046
 166          0x5B,0x52,0xBA, //2047
 167          0x06,0xd2,0x4e, //2048
 168          0x0A,0xdA,0x42, //2049
 169          0x35,0x5B,0x37, //2050
 170          0x09,0x37,0x4B, //2051
 171          0x84,0x97,0xC1, //2052
 172          0x04,0x97,0x53, //2053
 173          0x06,0x4B,0x48, //2054
 174          0x66,0xA5,0x3C, //2055
 175          0x0e,0xA5,0x4f, //2056
 176          0x06,0xB2,0x44, //2057
 177          0x4A,0xB6,0x38, //2058
 178          0x0A,0xAe,0x4C, //2059
 179          0x09,0x2e,0x42, //2060
C51 COMPILER V8.02   LUNAR                                                                 11/03/2010 22:45:22 PAGE 4   

 180          0x3C,0x97,0x35, //2061
 181          0x0C,0x96,0x49, //2062
 182          0x7d,0x4A,0xBd, //2063
 183          0x0d,0x4A,0x51, //2064
 184          0x0d,0xA5,0x45, //2065
 185          0x55,0xAA,0xBA, //2066
 186          0x05,0x6A,0x4e, //2067
 187          0x0A,0x6d,0x43, //2068
 188          0x45,0x2e,0xB7, //2069
 189          0x05,0x2d,0x4B, //2070
 190          0x8A,0x95,0xBf, //2071
 191          0x0A,0x95,0x53, //2072
 192          0x0B,0x4A,0x47, //2073
 193          0x6B,0x55,0x3B, //2074
 194          0x0A,0xd5,0x4f, //2075
 195          0x05,0x5A,0x45, //2076
 196          0x4A,0x5d,0x38, //2077
 197          0x0A,0x5B,0x4C, //2078
 198          0x05,0x2B,0x42, //2079
 199          0x3A,0x93,0xB6, //2080
 200          0x06,0x93,0x49, //2081
 201          0x77,0x29,0xBd, //2082
 202          0x06,0xAA,0x51, //2083
 203          0x0A,0xd5,0x46, //2084
 204          0x54,0xdA,0xBA, //2085
 205          0x04,0xB6,0x4e, //2086
 206          0x0A,0x57,0x43, //2087
 207          0x45,0x27,0x38, //2088
 208          0x0d,0x26,0x4A, //2089
 209          0x8e,0x93,0x3e, //2090
 210          0x0d,0x52,0x52, //2091
 211          0x0d,0xAA,0x47, //2092
 212          0x66,0xB5,0x3B, //2093
 213          0x05,0x6d,0x4f, //2094
 214          0x04,0xAe,0x45, //2095
 215          0x4A,0x4e,0xB9, //2096
 216          0x0A,0x4d,0x4C, //2097
 217          0x0d,0x15,0x41, //2098
 218          0x2d,0x92,0xB5, //2099
 219          0x0d,0x53,0x49, //2100
 220          };
 221          
 222          uchar code Mon1[2][13]={0,31,28,31,30,31,30,31,31,30,31,30,31,
 223                        0,31,29,31,30,31,30,31,31,30,31,30,31};
 224          
 225          
 226          
 227          SPDATE Spdate;
 228          //獲得當年春節的公曆日期
 229          SPDATE GetSpringDay(uchar GreYear,uchar GreMon,uchar GreDay)
 230          {
 231   1         //第三字节BIT6-5 表示春节的公历月份,BIT4-0 表示春节的公历日期
 232   1         //0x09,0x2d,0x47, //2008  0x47 01000111 
 233   1         int day;
 234   1          uchar i,Flag,F;
 235   1         uchar Offset1;
 236   1         unsigned char L=0x01,Flag1=1;
 237   1         unsigned int  Temp16,L1=0x0800;
 238   1      
 239   1         Spdate.cYear=GreYear ;
 240   1         Spdate.cMon=(Data[(200-(100-GreYear)-1)*3+2]&0x60)>>5; //春节公历月份
 241   1         Spdate.cDay=(Data[(200-(100-GreYear)-1)*3+2])&0x1f;    //春节公历日期
C51 COMPILER V8.02   LUNAR                                                                 11/03/2010 22:45:22 PAGE 5   

 242   1      
 243   1      
 244   1         if( (!(GreYear%4) && (GreYear%100)) || !(GreYear%400) ) Flag=1; else Flag=0;
 245   1         
 246   1         if(Spdate.cMon>GreMon)                       //春节离公历日期的天数
 247   1         {
 248   2            day=Mon1[Flag][GreMon]-GreDay;
 249   2            for(i=GreMon+1;i<=Spdate.cMon-1;i++)
 250   2               day+=Mon1[Flag][i];
 251   2            day+=Spdate.cDay;
 252   2            F=1;
 253   2         }
 254   1         else if(Spdate.cMon<GreMon) //春節的月份小於目標的月份
 255   1         {
 256   2            day=Mon1[Flag][Spdate.cMon]-Spdate.cDay;  
 257   2            for(i=Spdate.cMon+1;i<=GreMon-1;i++)
 258   2               day+=Mon1[Flag][i];
 259   2            day+=GreDay;
 260   2         // day=-day;
 261   2            F=0;
 262   2         }
 263   1         else
 264   1         {
 265   2            //if(Spdate.cDay!=GreDay) day=Spdate.cDay-GreDay; else day=0;
 266   2            if(Spdate.cDay>GreDay)
 267   2            {
 268   3               day=Spdate.cDay-GreDay;
 269   3               F=1;
 270   3            }
 271   2            else if(Spdate.cDay<GreDay)
 272   2            {
 273   3               day=GreDay-Spdate.cDay;
 274   3               F=0;
 275   3            }
 276   2            else day=0;
 277   2         }                 
 278   1      
 279   1         Spdate.cYear=Spdate.cYear;
 280   1         Spdate.cMon=1;
 281   1         Spdate.cDay=1;
 282   1      
 283   1         if(!day) return Spdate ;
 284   1      
 285   1         if(F)    //春节在公历日期后
 286   1         {
 287   2            Spdate.cYear--;
 288   2            Spdate.cMon=12;
 289   2            Offset1=(200-(100-Spdate.cYear)-1)*3;
 290   2            while(TRUE)
 291   2            {
 292   3               //格式第一字节BIT7-4 位表示闰月月份,值为0 为无闰月,BIT3-0 对应农历第1-4 月的大小
 293   3               //第二字节BIT7-0 对应农历第5-12 月大小,第三字节BIT7 表示农历第13 个月大小
 294   3               //0x4d,0x4A,0xB8, //2001
 295   3               if(Data[Offset1+1]&L) 
 296   3               day-=30;
 297   3               else
 298   3               day-=29;
 299   3               L<<=1;
 300   3               if(((Data[Offset1+0]&0xf0)>>4)==Spdate.cMon && Flag1) 
 301   3               {
 302   4                  Flag1=0;
 303   4                  if(Data[Offset1+2]&0x80) day-=30; else day-=29;
C51 COMPILER V8.02   LUNAR                                                                 11/03/2010 22:45:22 PAGE 6   

 304   4                  //day-=LYDay; 
 305   4                  //if(day<0) break;
 306   4                  continue;
 307   4               }
 308   3               if(day>0) Spdate.cMon--; else break;
 309   3               
 310   3               
 311   3            }
 312   2         // if(Flag) LunarDate.Month++;
 313   2            Spdate.cDay=-day+1;
 314   2         }
 315   1         
 316   1         if(!F)
 317   1         {
 318   2         // day=-day;
 319   2            //0x09,0x2d,0x47, //2008
 320   2            Spdate.cMon=1;
 321   2            Offset1=(200-(100-Spdate.cYear)-1)*3;
 322   2            Temp16=(Data[Offset1+0]<<8)+Data[Offset1+1];
 323   2            while(TRUE)
 324   2            {
 325   3               if(Temp16 & L1) day-=30; else day-=29;
 326   3               if(day>=0) 
 327   3                  Spdate.cMon++; 
 328   3               else if(day<0)
 329   3               {
 330   4                  if(Temp16 & L1) day+=30; else day+=29;
 331   4                  break;
 332   4               }
 333   3               L1>>=1;
 334   3               //格式第一字节BIT7-4 位表示闰月月份,值为0 为无闰月,BIT3-0 对应农历第1-4 月的大小
 335   3               //第二字节BIT7-0 对应农历第5-12 月大小,第三字节BIT7 表示农历第13 个月大小
 336   3               if(((Data[Offset1+0]&0xf0)>>4)==(Spdate.cMon-1) && Flag1) //闰月
 337   3               {
 338   4                  Flag1=0;
 339   4                  Spdate.cMon--;
 340   4                  if(Temp16 & L1) day-=30; else day-=29;
 341   4                  if(day>=0) 
 342   4                     Spdate.cMon++; 
 343   4                  else if(day<0)
 344   4                  {
 345   5                     if(Temp16 & L1) day+=30; else day+=29;
 346   5                     break;
 347   5                  }
 348   4                  L1>>1;
*** WARNING C275 IN LINE 348 OF LUNAR.C: expression with possibly no effect
 349   4               }
 350   3               //Temp16=
 351   3            }
 352   2            //LunarDate.Month--;
 353   2            Spdate.cDay=day+1;
 354   2         }
 355   1          return Spdate;
 356   1      }
 357          
 358          bit YearFlag(uchar cYear)
 359          {
 360   1         if( (!(cYear%4) && (cYear%100)) || !(cYear%400) ) return 1; else return 0;
 361   1      }
 362          
 363          //目標日期是星期幾
 364          uchar GetWeekDay(uchar cYear,uchar cMon,uchar cDay)
C51 COMPILER V8.02   LUNAR                                                                 11/03/2010 22:45:22 PAGE 7   

 365          {
 366   1         char i;
 367   1         int  Sum=0,tmpyear=2000+cYear;
 368   1         for(i=1;i<=cMon-1;i++)
 369   1            Sum+=Mon1[YearFlag(cYear)][i];
 370   1         Sum+=cDay-1;
 371   1         
 372   1         return (((tmpyear-1)+(tmpyear-1)/4-(tmpyear-1)/100+(tmpyear-1)/400+Sum)%7)+1;
 373   1      }
 374          
 375          
 376          
 377          /*****************************************************************************
 378          
 379          首先要能记住十大天干和十二地支，
 380          十天干：  甲、乙、丙、丁、戊、己、庚、辛、壬、癸；
 381          十二地支：子、丑、寅、卯、辰、巳、午、未、申、酉、戌、亥；
 382           
 383          天干地支纪年法首先是天干在前，地支在后，比如今年2005就为－乙酉年，先来算算天干，
 384          有个公式： 
 385          4、 5、 6、 7、 8、 9、 0、 1、 2、 3 对应的十天干就是 
 386          甲、乙、丙、丁、戊、己、庚、辛、壬、癸， 
 387          数字为年代的最后的一位数字，比如今年是2005，最后一位是5，对应的天干就是乙； 
 388          
 389          地支的算法：用年代数除以12，后面的余数就代表某个地支，
 390          余数分别为：4、 5、 6、 7、 8、 9、 10、 11、 0（能整除）、1、 2、3.
 391          代表地支为：子、丑、寅、卯、辰、巳、午、 未、 申、酉、戌、亥.
 392          比如2005年为例：年代末尾数为5，对应的天干为乙，2005除以12，余数为1，对应的地支为酉，所以2005年为乙酉年。
 393          
 394          ******************************************************************************/ 


MODULE INFORMATION:   STATIC OVERLAYABLE
   CODE SIZE        =   1065    ----
   CONSTANT SIZE    =    626    ----
   XDATA SIZE       =   ----    ----
   PDATA SIZE       =   ----    ----
   DATA SIZE        =      3      15
   IDATA SIZE       =   ----    ----
   BIT SIZE         =   ----    ----
END OF MODULE INFORMATION.


C51 COMPILATION COMPLETE.  1 WARNING(S),  0 ERROR(S)
